Added Component: Designator=B1(S141606050HS)
Add component (AddParameter): Name = "Arrow Part Number"; Value = ""; VariantName = "[No Variations]"
Add component (AddParameter): Name = "Arrow Price/Stock"; Value = ""; VariantName = "[No Variations]"
Add component (AddParameter): Name = "Datasheet Link"; Value = "https://www.hamamatsu.com/content/dam/hamamatsu-photonics/sites/documents/99_SALES_LIBRARY/ssd/s14160_s14161_series_kapd1064e.pdf"; VariantName = "[No Variations]"
Add component (AddParameter): Name = "Geometry.Height"; Value = "1.55mm"; VariantName = "[No Variations]"
Add component (AddParameter): Name = "Manufacturer_Name"; Value = "Hamamatsu"; VariantName = "[No Variations]"
Add component (AddParameter): Name = "Manufacturer_Part_Number"; Value = "S14160-6050HS"; VariantName = "[No Variations]"
Add component (AddParameter): Name = "Mouser Part Number"; Value = ""; VariantName = "[No Variations]"
Add component (AddParameter): Name = "Mouser Price/Stock"; Value = ""; VariantName = "[No Variations]"
Added Component: Designator=J1(HRS_DF17(1.0H)-80DP-0.5V(57))
Add component (AddParameter): Name = "Check_prices"; Value = "https://www.snapeda.com/parts/DF17(1.0H)-80DP-0.5V(57)/Hirose/view-part/?ref=eda"; VariantName = "[No Variations]"
Add component (AddParameter): Name = "MF"; Value = "Hirose Electric"; VariantName = "[No Variations]"
Add component (AddParameter): Name = "MP"; Value = "DF17(1.0H)-80DP-0.5V(57)"; VariantName = "[No Variations]"
Add component (AddParameter): Name = "Package"; Value = "None"; VariantName = "[No Variations]"
Add component (AddParameter): Name = "SnapEDA_Link"; Value = "https://www.snapeda.com/parts/DF17(1.0H)-80DP-0.5V(57)/Hirose/view-part/?ref=snap"; VariantName = "[No Variations]"
Add component (AddParameter): Name = "Value"; Value = ""; VariantName = "[No Variations]"
Added Component: Designator=U1(QFN-16_UD_LIT)
Add component (AddParameter): Name = "Copyright"; Value = "Copyright (C) 2026 Ultra Librarian. All rights reserved."; VariantName = "[No Variations]"
Add component (AddParameter): Name = "Manufacturer_Name"; Value = "Analog Devices Inc"; VariantName = "[No Variations]"
Add component (AddParameter): Name = "Manufacturer_Part_Number"; Value = "LTC6401IUD-26#TR"; VariantName = "[No Variations]"
Add component (AddParameter): Name = "RefDes"; Value = "RefDes"; VariantName = "[No Variations]"
Add component (AddParameter): Name = "Type"; Value = "Type"; VariantName = "[No Variations]"
Added Pin To Net: NetName=3V3 Pin=U1-1
Added Pin To Net: NetName=3V3 Pin=U1-3
Added Pin To Net: NetName=3V3 Pin=U1-10
Added Net: Name=3V3
Added Pin To Net: NetName=ADCn Pin=J1-11
Added Net: Name=ADCn
Added Pin To Net: NetName=ADCp Pin=J1-9
Added Net: Name=ADCp
Added Pin To Net: NetName=Anode_1 Pin=B1-C3
Added Net: Name=Anode_1
Added Pin To Net: NetName=Cathode_1 Pin=B1-D4
Added Net: Name=Cathode_1
Added Pin To Net: NetName=Charge Pump Pin=J1-1
Added Net: Name=Charge Pump
Added Net: Name=CP_Feed
Added Pin To Net: NetName=DAC Pin=J1-7
Added Net: Name=DAC
Added Pin To Net: NetName=GND Pin=J1-13
Added Pin To Net: NetName=GND Pin=U1-4
Added Pin To Net: NetName=GND Pin=U1-9
Added Pin To Net: NetName=GND Pin=U1-11
Added Pin To Net: NetName=GND Pin=U1-12
Added Net: Name=GND
Added Pin To Net: NetName=NetC3_1 Pin=U1-15
Added Pin To Net: NetName=NetC3_1 Pin=U1-16
Added Net: Name=NetC3_1
Added Pin To Net: NetName=NetC5_1 Pin=U1-13
Added Pin To Net: NetName=NetC5_1 Pin=U1-14
Added Net: Name=NetC5_1
Added Pin To Net: NetName=OUT+ Pin=J1-5
Added Pin To Net: NetName=OUT+ Pin=U1-8
Added Net: Name=OUT+
Added Pin To Net: NetName=OUT- Pin=J1-3
Added Pin To Net: NetName=OUT- Pin=U1-5
Added Net: Name=OUT-
Added Pin To Net: NetName=VOCM Pin=U1-2
Added Net: Name=VOCM
Added Class: Name=SiPMSensor
Added Rule: Name=Schematic Supply Nets
Added Rule: Name=Schematic Supply Nets_1
